
> taskmanager_authentication@1.0.0 test
> node --experimental-vm-modules node_modules/jest/bin/jest.js --runInBand --detectOpenHandles

node.exe : (node:552) 
ExperimentalWarning: 
VM Modules is an 
experimental feature 
and might change at 
any time
At C:\Program Files\nod
ejs\npm.ps1:29 char:3
+   & $NODE_EXE 
$NPM_CLI_JS $args
+   ~~~~~~~~~~~~~~~~~~~
~~~~~~~~~~
    + CategoryInfo     
         : NotSpecifi  
  ed: ((node:552) Ex   
 pe...nge at any ti    
me:String) [], Rem    
oteException
    + FullyQualifiedEr 
   rorId : NativeComm  
  andError
 
(Use `node 
--trace-warnings ...` 
to show where the 
warning was created)
FAIL 
tests/auth.test.js 
(12.739 s)
  ΓùÅ Console

    console.log
      [dotenv@17.3.1] 
injecting env (1) from 
.env.test -- tip: ≡ƒñû 
agentic secret 
storage: 
https://dotenvx.com/as2

      at _log (node_mod
ules/dotenv/lib/main.js
:139:11)

  ΓùÅ Auth Routes ΓÇ║ 
should register a user

    thrown: "Exceeded 
timeout of 5000 ms for 
a hook.
    Add a timeout 
value to this test to 
increase the timeout, 
if this is a 
long-running test. See 
https://jestjs.io/docs/
api#testname-fn-timeout
."

    [0m [90m  9 
|[39m 
describe([32m"Auth Rou
tes"[39m[33m,[39m 
() [33m=>[39m {
     [90m 10 |[39m
    [31m[1m>[22m[39
m[90m 11 |[39m   befo
reAll([36masync[39m 
() [33m=>[39m {
     [90m    |[39m   
[31m[1m^[22m[39m
     [90m 12 |[39m   
  [36mif[39m (mongoos
e[33m.[39mconnection
[33m.[39mreadyState 
[33m===[39m 
[35m0[39m) {
     [90m 13 |[39m   
    [36mawait[39m mon
goose[33m.[39mconnect
(process[33m.[39menv
[33m.[39m[33mMONGO_UR
I[39m)[33m;[39m
     [90m 14 |[39m   
  }[0m

      at beforeAll (tes
ts/auth.test.js:11:3)
      at describe (test
s/auth.test.js:9:1)

  ΓùÅ Auth Routes ΓÇ║ 
should login user and 
return token

    thrown: "Exceeded 
timeout of 5000 ms for 
a hook.
    Add a timeout 
value to this test to 
increase the timeout, 
if this is a 
long-running test. See 
https://jestjs.io/docs/
api#testname-fn-timeout
."

    [0m [90m  9 
|[39m 
describe([32m"Auth Rou
tes"[39m[33m,[39m 
() [33m=>[39m {
     [90m 10 |[39m
    [31m[1m>[22m[39
m[90m 11 |[39m   befo
reAll([36masync[39m 
() [33m=>[39m {
     [90m    |[39m   
[31m[1m^[22m[39m
     [90m 12 |[39m   
  [36mif[39m (mongoos
e[33m.[39mconnection
[33m.[39mreadyState 
[33m===[39m 
[35m0[39m) {
     [90m 13 |[39m   
    [36mawait[39m mon
goose[33m.[39mconnect
(process[33m.[39menv
[33m.[39m[33mMONGO_UR
I[39m)[33m;[39m
     [90m 14 |[39m   
  }[0m

      at beforeAll (tes
ts/auth.test.js:11:3)
      at describe (test
s/auth.test.js:9:1)


  ΓùÅ Test suite 
failed to run

    thrown: "Exceeded 
timeout of 5000 ms for 
a hook.
    Add a timeout 
value to this test to 
increase the timeout, 
if this is a 
long-running test. See 
https://jestjs.io/docs/
api#testname-fn-timeout
."

    [0m [90m 16 
|[39m   })[33m;[39m
     [90m 17 |[39m
    [31m[1m>[22m[39
m[90m 18 |[39m   afte
rAll([36masync[39m 
() [33m=>[39m {
     [90m    |[39m   
[31m[1m^[22m[39m
     [90m 19 |[39m   
  [36mawait[39m mongo
ose[33m.[39mconnectio
n[33m.[39mclose()[33
m;[39m
     [90m 20 |[39m   
})[33m;[39m
     [90m 21 
|[39m[0m

      at afterAll (test
s/auth.test.js:18:3)
      at describe (test
s/auth.test.js:9:1)

FAIL 
tests/tasks.test.js 
(11.049 s)
  ΓùÅ Console

    console.log
      [dotenv@17.3.1] 
injecting env (1) from 
.env.test -- tip: 
ΓÜí∩╕Å secrets for 
agents: 
https://dotenvx.com/as2

      at _log (node_mod
ules/dotenv/lib/main.js
:139:11)

  ΓùÅ Task Routes ΓÇ║ 
should not allow 
access without token

    thrown: "Exceeded 
timeout of 5000 ms for 
a hook.
    Add a timeout 
value to this test to 
increase the timeout, 
if this is a 
long-running test. See 
https://jestjs.io/docs/
api#testname-fn-timeout
."

    [0m [90m 11 
|[39m [36mlet[39m 
taskId[33m;[39m
     [90m 12 |[39m
    [31m[1m>[22m[39
m[90m 13 |[39m before
All([36masync[39m () 
[33m=>[39m {
     [90m    |[39m 
[31m[1m^[22m[39m
     [90m 14 |[39m   
[36mif[39m (mongoose
[33m.[39mconnection[3
3m.[39mreadyState 
[33m===[39m 
[35m0[39m) {
     [90m 15 |[39m   
  [36mawait[39m mongo
ose[33m.[39mconnect(p
rocess[33m.[39menv[3
3m.[39m[33mMONGO_URI
[39m)[33m;[39m
     [90m 16 |[39m   
}[0m

      at beforeAll (tes
ts/tasks.test.js:13:1)

  ΓùÅ Task Routes ΓÇ║ 
should create a task

    thrown: "Exceeded 
timeout of 5000 ms for 
a hook.
    Add a timeout 
value to this test to 
increase the timeout, 
if this is a 
long-running test. See 
https://jestjs.io/docs/
api#testname-fn-timeout
."

    [0m [90m 11 
|[39m [36mlet[39m 
taskId[33m;[39m
     [90m 12 |[39m
    [31m[1m>[22m[39
m[90m 13 |[39m before
All([36masync[39m () 
[33m=>[39m {
     [90m    |[39m 
[31m[1m^[22m[39m
     [90m 14 |[39m   
[36mif[39m (mongoose
[33m.[39mconnection[3
3m.[39mreadyState 
[33m===[39m 
[35m0[39m) {
     [90m 15 |[39m   
  [36mawait[39m mongo
ose[33m.[39mconnect(p
rocess[33m.[39menv[3
3m.[39m[33mMONGO_URI
[39m)[33m;[39m
     [90m 16 |[39m   
}[0m

      at beforeAll (tes
ts/tasks.test.js:13:1)

  ΓùÅ Task Routes ΓÇ║ 
should get user tasks 
only

    thrown: "Exceeded 
timeout of 5000 ms for 
a hook.
    Add a timeout 
value to this test to 
increase the timeout, 
if this is a 
long-running test. See 
https://jestjs.io/docs/
api#testname-fn-timeout
."

    [0m [90m 11 
|[39m [36mlet[39m 
taskId[33m;[39m
     [90m 12 |[39m
    [31m[1m>[22m[39
m[90m 13 |[39m before
All([36masync[39m () 
[33m=>[39m {
     [90m    |[39m 
[31m[1m^[22m[39m
     [90m 14 |[39m   
[36mif[39m (mongoose
[33m.[39mconnection[3
3m.[39mreadyState 
[33m===[39m 
[35m0[39m) {
     [90m 15 |[39m   
  [36mawait[39m mongo
ose[33m.[39mconnect(p
rocess[33m.[39menv[3
3m.[39m[33mMONGO_URI
[39m)[33m;[39m
     [90m 16 |[39m   
}[0m

      at beforeAll (tes
ts/tasks.test.js:13:1)


  ΓùÅ Test suite 
failed to run

    thrown: "Exceeded 
timeout of 5000 ms for 
a hook.
    Add a timeout 
value to this test to 
increase the timeout, 
if this is a 
long-running test. See 
https://jestjs.io/docs/
api#testname-fn-timeout
."

    [0m [90m 38 
|[39m })[33m;[39m
     [90m 39 |[39m
    [31m[1m>[22m[39
m[90m 40 |[39m afterA
ll([36masync[39m () 
[33m=>[39m {
     [90m    |[39m 
[31m[1m^[22m[39m
     [90m 41 |[39m   
[36mawait[39m mongoos
e[33m.[39mconnection
[33m.[39mclose()[33m;
[39m
     [90m 42 |[39m 
})[33m;[39m
     [90m 43 
|[39m[0m

      at afterAll (test
s/tasks.test.js:40:1)

Test Suites: 2 failed, 
2 total
Tests:       5 failed, 
5 total
Snapshots:   0 total
Time:        24.033 s, 
estimated 27 s
Ran all test suites.
